{
  "node": "LoadLinkExpressionTreeContent",
  "children": [
    {
      "node": "Person",
      "children": [
        {
          "node": "Image",
          "children": []
        }
      ]
    },
    {
      "node": "SubLoadLinkExpressionTreeContent",
      "children": [
        {
          "node": "Person",
          "children": [
            {
              "node": "Image",
              "children": []
            }
          ]
        }
      ]
    }
  ]
}