{
  "state": {
    "$type": "System.Collections.Generic.Dictionary`2[[System.Type, mscorlib],[System.Collections.Generic.Dictionary`2[[System.Object, mscorlib],[System.Object, mscorlib]], mscorlib]], mscorlib",
    "heterogeneousDataSources.Tests.Image, HeterogeneousDataSources.Tests, Version=1.0.0.0, Culture=neutral, PublicKeyToken=null": {
      "heterogeneousDataSources.Tests.Image": {
        "$type": "HeterogeneousDataSources.Tests.Image, HeterogeneousDataSources.Tests",
        "id": "a",
        "alt": "alt-a"
      }
    }
  }
}