{
  "node": "Person",
  "children": [
    {
      "node": "Image",
      "children": []
    }
  ]
}