{
  "model": {
    "id": 1,
    "personId": "john"
  },
  "person": null
}