[
  [
    "HeterogeneousDataSources.Tests.BlogPost, HeterogeneousDataSources.Tests, Version=1.0.0.0, Culture=neutral, PublicKeyToken=null",
    "HeterogeneousDataSources.Tests.Shared.Person, HeterogeneousDataSources.Tests, Version=1.0.0.0, Culture=neutral, PublicKeyToken=null"
  ],
  [
    "HeterogeneousDataSources.Tests.Shared.Image, HeterogeneousDataSources.Tests, Version=1.0.0.0, Culture=neutral, PublicKeyToken=null"
  ]
]