{
  "model": {
    "id": "can-be-resolved",
    "name": "name-can-be-resolved"
  }
}