{
  "summaryImage": {
    "id": "a",
    "alt": "alt-a"
  },
  "model": {
    "id": 1,
    "summaryImageId": "a"
  }
}