{
  "model": {
    "id": "1",
    "target": {
      "type": "web-page",
      "id": "a"
    }
  },
  "target": {
    "$type": "HeterogeneousDataSources.Tests.Polymorphic.PolymorphicSubLinkedSourceTests+WebPageReferenceLinkedSource, HeterogeneousDataSources.Tests",
    "model": {
      "title": "title-a",
      "imageId": "computed-image-ida"
    },
    "image": {
      "id": "computed-image-ida",
      "alt": "alt-computed-image-ida"
    }
  }
}