{
  "model": {
    "id": "1",
    "target": {
      "type": "image",
      "id": "a"
    }
  },
  "target": {
    "$type": "HeterogeneousDataSources.Tests.Shared.Image, HeterogeneousDataSources.Tests",
    "id": "a",
    "alt": "alt-a"
  }
}