{
  "model": {
    "id": "1",
    "contentContextualizations": [
      {
        "contentType": "person",
        "id": "p1",
        "title": "altered person title"
      },
      {
        "contentType": "image",
        "id": "i1",
        "title": "altered image title"
      }
    ]
  },
  "contents": [
    {
      "$type": "HeterogeneousDataSources.Tests.Polymorphic.PolymorphicNestedLinkedSourcesTests+PersonWithoutContextualizationLinkedSource, HeterogeneousDataSources.Tests",
      "model": {
        "id": "p1",
        "name": "name-p1",
        "summaryImageId": "person-img-p1"
      }
    },
    {
      "$type": "HeterogeneousDataSources.Tests.Polymorphic.PolymorphicNestedLinkedSourcesTests+ImageWithContextualizationLinkedSource, HeterogeneousDataSources.Tests",
      "model": {
        "id": "i1",
        "alt": "alt-i1"
      },
      "contentContextualization": {
        "contentType": "image",
        "id": "i1",
        "title": "altered image title"
      }
    }
  ]
}