{
  "model": {
    "id": "1",
    "targetReference": {
      "$type": "HeterogeneousDataSources.Tests.Shared.Person, HeterogeneousDataSources.Tests",
      "id": "as-sub-linked-source",
      "name": "The Name",
      "summaryImageId": "the-id"
    }
  },
  "target": {
    "$type": "HeterogeneousDataSources.Tests.PersonLinkedSource, HeterogeneousDataSources.Tests",
    "model": {
      "id": "as-sub-linked-source",
      "name": "The Name",
      "summaryImageId": "the-id"
    },
    "summaryImage": {
      "id": "the-id",
      "alt": "alt-the-id"
    }
  }
}