{
  "node": {
    "referenceType": "HeterogeneousDataSources.Tests.ReferenceTree_SubLinkedSourceTests+Model, HeterogeneousDataSources.Tests, Version=1.0.0.0, Culture=neutral, PublicKeyToken=null",
    "linkTargetId": "root"
  },
  "children": [
    {
      "node": {
        "referenceType": "HeterogeneousDataSources.Tests.Shared.Image, HeterogeneousDataSources.Tests, Version=1.0.0.0, Culture=neutral, PublicKeyToken=null",
        "linkTargetId": "HeterogeneousDataSources.Tests.ReferenceTree_SubLinkedSourceTests+PostLinkedSource/SummaryImage"
      },
      "children": []
    },
    {
      "node": {
        "referenceType": "HeterogeneousDataSources.Tests.Shared.Person, HeterogeneousDataSources.Tests, Version=1.0.0.0, Culture=neutral, PublicKeyToken=null",
        "linkTargetId": "HeterogeneousDataSources.Tests.ReferenceTree_SubLinkedSourceTests+PostThreadLinkedSource/Author"
      },
      "children": []
    }
  ]
}