{
  "node": {
    "referenceType": "HeterogeneousDataSources.Tests.ReferenceTree_NestedLinkedSourceTests+Model, HeterogeneousDataSources.Tests, Version=1.0.0.0, Culture=neutral, PublicKeyToken=null",
    "linkTargetId": "root"
  },
  "children": [
    {
      "node": {
        "referenceType": "HeterogeneousDataSources.Tests.Shared.Image, HeterogeneousDataSources.Tests, Version=1.0.0.0, Culture=neutral, PublicKeyToken=null",
        "linkTargetId": "HeterogeneousDataSources.Tests.ReferenceTree_NestedLinkedSourceTests+LinkedSource/PreImage"
      },
      "children": []
    },
    {
      "node": {
        "referenceType": "HeterogeneousDataSources.Tests.Shared.Person, HeterogeneousDataSources.Tests, Version=1.0.0.0, Culture=neutral, PublicKeyToken=null",
        "linkTargetId": "HeterogeneousDataSources.Tests.ReferenceTree_NestedLinkedSourceTests+LinkedSource/Person"
      },
      "children": [
        {
          "node": {
            "referenceType": "HeterogeneousDataSources.Tests.Shared.Image, HeterogeneousDataSources.Tests, Version=1.0.0.0, Culture=neutral, PublicKeyToken=null",
            "linkTargetId": "HeterogeneousDataSources.Tests.PersonLinkedSource/SummaryImage"
          },
          "children": []
        }
      ]
    },
    {
      "node": {
        "referenceType": "HeterogeneousDataSources.Tests.Shared.Image, HeterogeneousDataSources.Tests, Version=1.0.0.0, Culture=neutral, PublicKeyToken=null",
        "linkTargetId": "HeterogeneousDataSources.Tests.ReferenceTree_NestedLinkedSourceTests+LinkedSource/PostImage"
      },
      "children": []
    }
  ]
}