{
  "model": {
    "id": "one",
    "name": "name-one",
    "summaryImageId": "person-img-one"
  },
  "summaryImage": {
    "id": "person-img-one",
    "alt": "alt-person-img-one"
  }
}