{
  "model": {
    "id": "1",
    "targetReference": 1
  },
  "target": {
    "$type": "LinkIt.Tests.TestHelpers.Person, LinkIt.Tests",
    "id": "1",
    "name": "name-1",
    "summaryImageId": "person-img-1"
  }
}