{
  "model": {
    "id": "1",
    "target": {
      "type": "pdf",
      "id": "a"
    }
  },
  "target": {
    "$type": "LinkIt.Tests.Core.HappyPaths.PolymorphicSubLinkedSourceTests+PdfReferenceLinkedSource, LinkIt.Tests",
    "model": {
      "type": "pdf",
      "id": "a"
    }
  }
}