{
  "model": {
    "id": "1",
    "polyIds": [
      "p1",
      32
    ]
  },
  "contents": [
    {
      "$type": "LinkIt.Tests.PersonLinkedSource, LinkIt.Tests",
      "model": {
        "id": "p1",
        "name": "name-p1",
        "summaryImageId": "person-img-p1"
      },
      "summaryImage": null
    },
    {
      "$type": "LinkIt.Tests.Polymorphic.PolymorphicNestedLinkedSourcesTests+ImageWithContextualizationLinkedSource, LinkIt.Tests",
      "model": {
        "id": "32",
        "alt": "alt-32"
      },
      "contentContextualization": null
    }
  ]
}