{
  "model": {
    "id": "1",
    "polyLinks": [
      {
        "type": "image",
        "id": "before"
      },
      {
        "type": "person",
        "id": "the-person"
      },
      {
        "type": "image",
        "id": "after"
      }
    ]
  },
  "polyLinks": [
    {
      "$type": "LinkIt.Tests.Shared.Image, LinkIt.Tests",
      "id": "before",
      "alt": "alt-before"
    },
    {
      "$type": "LinkIt.Tests.Core.PersonLinkedSource, LinkIt.Tests",
      "model": {
        "id": "the-person",
        "name": "name-the-person",
        "summaryImageId": "person-img-the-person"
      },
      "summaryImage": {
        "id": "person-img-the-person",
        "alt": "alt-person-img-the-person"
      }
    },
    {
      "$type": "LinkIt.Tests.Shared.Image, LinkIt.Tests",
      "id": "after",
      "alt": "alt-after"
    }
  ]
}