{
  "model": {
    "id": "1",
    "contentContextualization": {
      "contentType": "person",
      "id": "p1",
      "title": "altered person title"
    }
  },
  "content": {
    "$type": "LinkIt.Tests.Polymorphic.PolymorphicNestedLinkedSourcesTests+PersonWithoutContextualizationLinkedSource, LinkIt.Tests",
    "model": {
      "id": "p1",
      "name": "name-p1",
      "summaryImageId": "person-img-p1"
    }
  }
}