{
  "model": {
    "id": "1",
    "target": {
      "type": "pdf",
      "id": "a"
    }
  },
  "target": {
    "$type": "LinkIt.Tests.Core.Polymorphic.PolymorphicSubLinkedSourceTests+PdfReferenceLinkedSource, LinkIt.Tests",
    "model": {
      "type": "pdf",
      "id": "a"
    },
    "contextualization": "From the level below:1"
  }
}