{
  "node": {
    "referenceType": "LinkIt.Tests.ReferenceTrees.ReferenceTree_NestedLinkedSourceTests+Model, LinkIt.Tests, Version=1.0.0.0, Culture=neutral, PublicKeyToken=null",
    "linkTargetId": "root"
  },
  "children": [
    {
      "node": {
        "referenceType": "LinkIt.Tests.TestHelpers.Image, LinkIt.Tests, Version=1.0.0.0, Culture=neutral, PublicKeyToken=null",
        "linkTargetId": "LinkIt.Tests.ReferenceTrees.ReferenceTree_NestedLinkedSourceTests+LinkedSource/PreImage"
      },
      "children": []
    },
    {
      "node": {
        "referenceType": "LinkIt.Tests.TestHelpers.Person, LinkIt.Tests, Version=1.0.0.0, Culture=neutral, PublicKeyToken=null",
        "linkTargetId": "LinkIt.Tests.ReferenceTrees.ReferenceTree_NestedLinkedSourceTests+LinkedSource/Person"
      },
      "children": [
        {
          "node": {
            "referenceType": "LinkIt.Tests.TestHelpers.Image, LinkIt.Tests, Version=1.0.0.0, Culture=neutral, PublicKeyToken=null",
            "linkTargetId": "LinkIt.Tests.PersonLinkedSource/SummaryImage"
          },
          "children": []
        }
      ]
    },
    {
      "node": {
        "referenceType": "LinkIt.Tests.TestHelpers.Image, LinkIt.Tests, Version=1.0.0.0, Culture=neutral, PublicKeyToken=null",
        "linkTargetId": "LinkIt.Tests.ReferenceTrees.ReferenceTree_NestedLinkedSourceTests+LinkedSource/PostImage"
      },
      "children": []
    }
  ]
}