{
  "node": {
    "referenceType": "LinkIt.Tests.ReferenceTrees.ReferenceTree_ReferenceTests+Model, LinkIt.Tests, Version=1.0.0.0, Culture=neutral, PublicKeyToken=null",
    "linkTargetId": "root"
  },
  "children": [
    {
      "node": {
        "referenceType": "LinkIt.Tests.Shared.Person, LinkIt.Tests, Version=1.0.0.0, Culture=neutral, PublicKeyToken=null",
        "linkTargetId": "LinkIt.Tests.ReferenceTrees.ReferenceTree_ReferenceTests+LinkedSource/PersonOne"
      },
      "children": []
    },
    {
      "node": {
        "referenceType": "LinkIt.Tests.Shared.Person, LinkIt.Tests, Version=1.0.0.0, Culture=neutral, PublicKeyToken=null",
        "linkTargetId": "LinkIt.Tests.ReferenceTrees.ReferenceTree_ReferenceTests+LinkedSource/PersonTwo"
      },
      "children": []
    }
  ]
}