{
  "node": {
    "referenceType": "LinkIt.Tests.ReferenceTrees.ReferenceTree_SideEffectBetweenNestedLinkedSourceTests+Model, LinkIt.Tests, Version=1.0.0.0, Culture=neutral, PublicKeyToken=null",
    "linkTargetId": "root of LinkIt.Tests.ReferenceTrees.ReferenceTree_SideEffectBetweenNestedLinkedSourceTests+LinkedSource"
  },
  "children": [
    {
      "node": {
        "referenceType": "LinkIt.Tests.TestHelpers.Person, LinkIt.Tests, Version=1.0.0.0, Culture=neutral, PublicKeyToken=null",
        "linkTargetId": "LinkIt.Tests.ReferenceTrees.ReferenceTree_SideEffectBetweenNestedLinkedSourceTests+LinkedSource/Person"
      },
      "children": [
        {
          "node": {
            "referenceType": "LinkIt.Tests.TestHelpers.Image, LinkIt.Tests, Version=1.0.0.0, Culture=neutral, PublicKeyToken=null",
            "linkTargetId": "LinkIt.Tests.Core.PersonLinkedSource/SummaryImage"
          },
          "children": []
        }
      ]
    },
    {
      "node": {
        "referenceType": "LinkIt.Tests.ReferenceTrees.ReferenceTree_SideEffectBetweenNestedLinkedSourceTests+PersonGroup, LinkIt.Tests, Version=1.0.0.0, Culture=neutral, PublicKeyToken=null",
        "linkTargetId": "LinkIt.Tests.ReferenceTrees.ReferenceTree_SideEffectBetweenNestedLinkedSourceTests+LinkedSource/PersonGroup"
      },
      "children": [
        {
          "node": {
            "referenceType": "LinkIt.Tests.TestHelpers.Person, LinkIt.Tests, Version=1.0.0.0, Culture=neutral, PublicKeyToken=null",
            "linkTargetId": "LinkIt.Tests.ReferenceTrees.ReferenceTree_SideEffectBetweenNestedLinkedSourceTests+PersonGroupLinkedSource/People"
          },
          "children": []
        }
      ]
    }
  ]
}