{
  "node": {
    "referenceType": "LinkIt.Tests.ReferenceTrees.ReferenceTree_PolymorphicTests+Model, LinkIt.Tests, Version=1.0.0.0, Culture=neutral, PublicKeyToken=null",
    "linkTargetId": "root"
  },
  "children": [
    {
      "node": {
        "referenceType": "LinkIt.Tests.Shared.Person, LinkIt.Tests, Version=1.0.0.0, Culture=neutral, PublicKeyToken=null",
        "linkTargetId": "LinkIt.Tests.ReferenceTrees.ReferenceTree_PolymorphicTests+LinkedSource/Poly"
      },
      "children": [
        {
          "node": {
            "referenceType": "LinkIt.Tests.Shared.Image, LinkIt.Tests, Version=1.0.0.0, Culture=neutral, PublicKeyToken=null",
            "linkTargetId": "LinkIt.Tests.PersonLinkedSource/SummaryImage"
          },
          "children": []
        }
      ]
    },
    {
      "node": {
        "referenceType": "LinkIt.Tests.Shared.Image, LinkIt.Tests, Version=1.0.0.0, Culture=neutral, PublicKeyToken=null",
        "linkTargetId": "LinkIt.Tests.ReferenceTrees.ReferenceTree_PolymorphicTests+LinkedSource/Poly"
      },
      "children": []
    },
    {
      "node": {
        "referenceType": "LinkIt.Tests.Shared.Image, LinkIt.Tests, Version=1.0.0.0, Culture=neutral, PublicKeyToken=null",
        "linkTargetId": "LinkIt.Tests.PersonLinkedSource/SummaryImage"
      },
      "children": []
    }
  ]
}