{
  "model": {
    "id": "1",
    "mediaId": 32
  },
  "media": {
    "id": 32,
    "title": "title-32",
    "summaryImageId": "img32"
  }
}