{
  "model": {
    "id": "One",
    "mediaIds": [
      1,
      2
    ]
  },
  "medias": [
    {
      "model": {
        "id": 1,
        "title": "title-1",
        "summaryImageId": "img1"
      },
      "summaryImage": null
    },
    {
      "model": {
        "id": 2,
        "title": "title-2",
        "summaryImageId": "img2"
      },
      "summaryImage": null
    }
  ]
}