{
  "model": {
    "id": "One",
    "mediaId": 3
  },
  "media": {
    "id": 3,
    "title": "title-3",
    "summaryImageId": "img3"
  }
}