{
  "model": {
    "id": 1,
    "title": "Title-1",
    "tagIds": [
      89,
      90
    ],
    "author": {
      "name": "author-name-1",
      "email": "author-email-1",
      "imageId": "id-501"
    },
    "multimediaContentRef": {
      "type": "media",
      "id": 1
    }
  },
  "tags": [
    {
      "id": 89,
      "name": "89-name"
    },
    {
      "id": 90,
      "name": "90-name"
    }
  ],
  "author": {
    "model": {
      "name": "author-name-1",
      "email": "author-email-1",
      "imageId": "id-501"
    },
    "image": {
      "id": "id-501",
      "alt": "id-501-alt",
      "url": "id-501-url"
    }
  },
  "multimediaContent": {
    "$type": "LinkIt.Samples.MediaLinkedSource, LinkIt.Samples",
    "model": {
      "id": 1,
      "title": "title-1",
      "tagIds": [
        1001,
        1002
      ]
    },
    "tags": [
      {
        "id": 1001,
        "name": "1001-name"
      },
      {
        "id": 1002,
        "name": "1002-name"
      }
    ]
  }
}