[
  {
    "model": {
      "id": 77,
      "title": "Salmon",
      "tagIds": [
        177,
        178
      ],
      "author": {
        "name": "author-name-77",
        "email": "author-email-77",
        "imageId": "id-77"
      },
      "multimediaContentRef": {
        "type": "media",
        "id": 277
      }
    },
    "tags": [
      {
        "id": 177,
        "name": "177-name"
      },
      {
        "id": 178,
        "name": "178-name"
      }
    ],
    "author": {
      "model": {
        "name": "author-name-77",
        "email": "author-email-77",
        "imageId": "id-77"
      },
      "image": {
        "id": "id-77",
        "credits": "id-77-credits",
        "url": "id-77-url"
      }
    },
    "multimediaContent": {
      "$type": "LinkIt.Samples.MediaLinkedSource, LinkIt.Samples",
      "model": {
        "id": 277,
        "title": "title-277",
        "tagIds": [
          1277,
          1278
        ]
      },
      "tags": [
        {
          "id": 1277,
          "name": "1277-name"
        },
        {
          "id": 1278,
          "name": "1278-name"
        }
      ]
    }
  },
  {
    "model": {
      "id": 78,
      "title": "Cod",
      "tagIds": [
        178
      ],
      "author": {
        "name": "author-name-78",
        "email": "author-email-78",
        "imageId": "id-78"
      },
      "multimediaContentRef": {
        "type": "image",
        "id": "id-123"
      }
    },
    "tags": [
      {
        "id": 178,
        "name": "178-name"
      }
    ],
    "author": {
      "model": {
        "name": "author-name-78",
        "email": "author-email-78",
        "imageId": "id-78"
      },
      "image": {
        "id": "id-78",
        "credits": "id-78-credits",
        "url": "id-78-url"
      }
    },
    "multimediaContent": {
      "$type": "LinkIt.Samples.Image, LinkIt.Samples",
      "id": "id-123",
      "credits": "id-123-credits",
      "url": "id-123-url"
    }
  }
]